// Jest Snapshot v1, https://goo.gl/fbAQLP

exports[`renders 1`] = `
<table
  className="file-list"
>
  <tbody>
    <tr
      className="file-list-item"
    >
      <td
        className="file-icon"
      >
        <i
          className="fa fa-folder"
        />
      </td>
      <td
        className="file-name"
      >
        <span>
          src
        </span>
      </td>
      <td
        className="commit-message"
      >
        <span>
          Initial commit
        </span>
      </td>
      <td
        className="age"
      >
        <span
          className="time"
        >
          10 months ago
        </span>
      </td>
    </tr>
    <tr
      className="file-list-item"
    >
      <td
        className="file-icon"
      >
        <i
          className="fa fa-folder"
        />
      </td>
      <td
        className="file-name"
      >
        <span>
          tests
        </span>
      </td>
      <td
        className="commit-message"
      >
        <span>
          Initial commit
        </span>
      </td>
      <td
        className="age"
      >
        <span
          className="time"
        >
          10 months ago
        </span>
      </td>
    </tr>
    <tr
      className="file-list-item"
    >
      <td
        className="file-icon"
      >
        <i
          className="fa fa-file-text-o"
        />
      </td>
      <td
        className="file-name"
      >
        <span>
          README
        </span>
      </td>
      <td
        className="commit-message"
      >
        <span>
          Added a readme
        </span>
      </td>
      <td
        className="age"
      >
        <span
          className="time"
        >
          10 months ago
        </span>
      </td>
    </tr>
  </tbody>
</table>
`;
